[BUILD] tb_demo  EVAL_X=64 EVAL_Y=64 IDX_FLAGS='-DSAURIA_ACT_IDX_W=18 -DSAURIA_WEI_IDX_W=18 -DSAURIA_OUT_IDX_W=17 -DNPU_FP16 -DNPU_DTYPE_IN=fp16_t -DNPU_DTYPE_OUT=fp16_t -DNPU_DTYPE_PSUM=float' DEBUG=0
In file included from /data/XPU00000/users/vuong.nguyen/project/sauria/systemc_install/include/sysc/kernel/sc_initializer_function.h:35,
                 from /data/XPU00000/users/vuong.nguyen/project/sauria/systemc_install/include/systemc:75,
                 from /data/XPU00000/users/vuong.nguyen/project/sauria/systemc_install/include/systemc.h:194,
                 from sauria_types.h:7,
                 from npu_top.h:10,
                 from tb_demo.cpp:65:
/data/XPU00000/users/vuong.nguyen/project/sauria/systemc_install/include/sysc/kernel/sc_module.h:418:28: warning: ‘sc_core::sc_has_process_used’ is deprecated: SC_HAS_PROCESS(user_module_name) is obsolete in IEEE 1666-2023, define SC_ALLOW_DEPRECATED_IEEE_API to suppress. [-Wdeprecated-declarations]
  418 |     static_assert(sc_core::sc_has_process_used, "no-op to avoid stray ';'")
      |                            ^~~~~~~~~~~~~~~~~~~
systolic_array/sa_array.h:119:9: note: in expansion of macro ‘SC_HAS_PROCESS’
  119 |         SC_HAS_PROCESS(SystolicArray);
      |         ^~~~~~~~~~~~~~
/data/XPU00000/users/vuong.nguyen/project/sauria/systemc_install/include/sysc/kernel/sc_module.h:416:30: note: declared here
  416 | static inline constexpr bool sc_has_process_used = true;
      |                              ^~~~~~~~~~~~~~~~~~~
/data/XPU00000/users/vuong.nguyen/project/sauria/systemc_install/include/sysc/kernel/sc_module.h:418:28: warning: ‘sc_core::sc_has_process_used’ is deprecated: SC_HAS_PROCESS(user_module_name) is obsolete in IEEE 1666-2023, define SC_ALLOW_DEPRECATED_IEEE_API to suppress. [-Wdeprecated-declarations]
  418 |     static_assert(sc_core::sc_has_process_used, "no-op to avoid stray ';'")
      |                            ^~~~~~~~~~~~~~~~~~~
npu_top.h:81:9: note: in expansion of macro ‘SC_HAS_PROCESS’
   81 |         SC_HAS_PROCESS(NpuTop);
      |         ^~~~~~~~~~~~~~
/data/XPU00000/users/vuong.nguyen/project/sauria/systemc_install/include/sysc/kernel/sc_module.h:416:30: note: declared here
  416 | static inline constexpr bool sc_has_process_used = true;
      |                              ^~~~~~~~~~~~~~~~~~~
tb_demo.cpp: In member function ‘void TestbenchEvaluate::test_process()’:
tb_demo.cpp:3684:30: warning: unused variable ‘global_context’ [-Wunused-variable]
 3684 |                     uint32_t global_context = out_tile * ncontexts + ctx;
      |                              ^~~~~~~~~~~~~~
tb_demo.cpp:2925:14: warning: variable ‘controller_started’ set but not used [-Wunused-but-set-variable]
 2925 |         bool controller_started = false;
      |              ^~~~~~~~~~~~~~~~~~
tb_demo.cpp:3565:18: warning: unused variable ‘one_output_tile_elements_1’ [-Wunused-variable]
 3565 |         uint32_t one_output_tile_elements_1 = total_c_elements;
      |                  ^~~~~~~~~~~~~~~~~~~~~~~~~~
tb_demo.cpp:3602:14: warning: variable ‘abs64’ set but not used [-Wunused-but-set-variable]
 3602 |         auto abs64 = [](int64_t v) -> int64_t
      |              ^~~~~
tb_demo.cpp:3676:18: warning: unused variable ‘one_output_tile_gold’ [-Wunused-variable]
 3676 |         uint32_t one_output_tile_gold     = ncontexts * cxlim * Yv;     // gold (element) stride
      |                  ^~~~~~~~~~~~~~~~~~~~
In file included from npu_top.h:16,
                 from tb_demo.cpp:65:
data_feeder/ifmap_feeder.h: In instantiation of ‘void sauria::IfmapFeeder<Y_DIM, T_ACT, SRAMA_CAP, FIFO_DEPTH>::feeder_process() [with int Y_DIM = 64; T_ACT = sauria::fp16_t; int SRAMA_CAP = 131072; int FIFO_DEPTH = 16]’:
data_feeder/ifmap_feeder.h:83:13:   required from ‘sauria::IfmapFeeder<Y_DIM, T_ACT, SRAMA_CAP, FIFO_DEPTH>::IfmapFeeder(sc_core::sc_module_name) [with int Y_DIM = 64; T_ACT = sauria::fp16_t; int SRAMA_CAP = 131072; int FIFO_DEPTH = 16]’
npu_top.h:88:28:   required from ‘sauria::NpuTop<X_DIM, Y_DIM, T_ACT, T_WEI, T_PSUM, SRAMA_CAP, SRAMB_CAP, SRAMC_CAP, FIFO_DEPTH, PE_LAT, EXTRA_CSREG>::NpuTop(sc_core::sc_module_name, const sauria::PeConfig&) [with int X_DIM = 64; int Y_DIM = 64; T_ACT = sauria::fp16_t; T_WEI = sauria::fp16_t; T_PSUM = float; int SRAMA_CAP = 131072; int SRAMB_CAP = 131072; int SRAMC_CAP = 131072; int FIFO_DEPTH = 16; int PE_LAT = 128; int EXTRA_CSREG = 1]’
tb_demo.cpp:3972:173:   required from here
data_feeder/ifmap_feeder.h:1023:18: warning: variable ‘act_next_vec_ready’ set but not used [-Wunused-but-set-variable]
 1023 |             bool act_next_vec_ready = false;
      |                  ^~~~~~~~~~~~~~~~~~
tb_demo.cpp: At global scope:
tb_demo.cpp:162:13: warning: ‘void demo_print_perf(long int, long int, long unsigned int, int, int)’ defined but not used [-Wunused-function]
  162 | static void demo_print_perf(long exec_cycles, long mvm_k,
      |             ^~~~~~~~~~~~~~~
[SUCCESS] Built tb_demo
[RUN] tb_demo case=demo_fp16_gemm_64x64  (EVAL_X=64 EVAL_Y=64)
case: demo_fp16_gemm_64x64
A_shape: 1 64 256
B_shape: 1 256 64
C_shape: 1 64 64

# TEST : FP16 GeMM 64x64
# WHAT : Cin=256, Cout=64, 64x64 output on the 64x64 array; FP16 half-precision, float32 accumulate, round-to-fp16 at output; verify within 16 ULP (FP add non-associative, deeper K=256).
[RUNTIME CONFIG]
  ncontexts = 1
  cxlim     = 128
  cklim     = 4096
  act_reps  = 1
  wei_reps  = 1
Expected elements : 4096
Mismatches        : 1536
[RESULT] TEST FAILED: NPU FP16 has 1536 elements beyond 16 ULP (max=21232 ULP).

status: FAIL
[DONE] full log=/data/XPU00000/users/vuong.nguyen/project/sauria/RTL/src/v4.1_model/demo_runs_clean/demo_fp16_gemm_64x64/logs/tb_demo.log
