Script started on 2026-08-24 10:09:42+07:00 [<not executed on terminal>]
11.5.0
g++ (GCC) 11.5.0 20240719 (Red Hat 11.5.0-14)
Copyright (C) 2021 Free Software Foundation, Inc.
This is free software; see the source for copying conditions.  There is NO
warranty; not even for MERCHANTABILITY or FITNESS FOR A PARTICULAR PURPOSE.

evidence directory: /tmp/floo_noc_negative_controls.bRfcJ2
compiler: 11.5.0
detected lane-placement (test_axi_lanes fails as expected)
detected byte-enables-ignored (test_axi_lanes fails as expected)
detected target-delay-truncated (test_noc_interconnect fails as expected)
detected incoming-delay-dropped (test_noc_interconnect fails as expected)
detected offer-not-atomic (test_axi_endpoint fails as expected)
detected rlast-ignored (test_axi_chimney_manager_response fails as expected)
detected region-decode-addition (test_noc_interconnect fails as expected)
detected axlen-truncated (test_axi_endpoint fails as expected)
detected tlm-mapping-slverr-decerr-swapped (test_noc_interconnect fails as expected)
detected tlm-mapping-exokay-as-error (test_noc_interconnect fails as expected)
detected b-response-discarded (test_axi_endpoint fails as expected)
detected sparse-beat-renumbering (test_noc_interconnect fails as expected)
detected widened-read-policy-removed (test_noc_interconnect fails as expected)
detected r-burst-error-lost (test_axi_endpoint fails as expected)
detected self-node-check-skips-default (test_noc_interconnect_bad_config fails as expected)
detected place-initiator-not-atomic (test_noc_interconnect_bad_config fails as expected)
detected beat-frame-guard-removed (test_noc_interconnect fails as expected)
detected rlast-ignored-vs-rtl (chimney_mgr_rsp_trace_sc fails as expected)
detected rsp-ready-channel-swapped (chimney_mgr_rsp_trace_sc fails as expected)
detected rdata-upper-word-truncated (chimney_mgr_rsp_trace_sc fails as expected)
detected ruser-dropped (chimney_mgr_rsp_trace_sc fails as expected)
detected buser-dropped (chimney_mgr_rsp_trace_sc fails as expected)
detected r-pop-id-from-b-payload (chimney_mgr_rsp_trace_sc fails as expected)
detected chimney-node-rob-ready-swapped (test_axi_noc_chimney fails as expected)
detected a3-manager-aw-address-shifted (test_noc_interconnect fails as expected)
detected half-cycle-request-reread (test_noc_interconnect_stress fails as expected)
detected write-requester-metadata-collapsed (test_noc_interconnect_stress fails as expected)
detected same-port-response-owner-collapsed (test_noc_interconnect_concurrency fails as expected)
detected same-port-capacity-off-by-one (test_noc_interconnect_concurrency fails as expected)
detected same-port-request-order-reversed (test_noc_interconnect_concurrency fails as expected)
detected same-port-target-delay-dropped (test_noc_interconnect_concurrency fails as expected)
detected fast-hop-cost-removed (test_noc_interconnect_fast fails as expected)
detected fast-incoming-delay-dropped (test_noc_interconnect_fast fails as expected)
detected local-bypass-not-owner-aware (test_noc_interconnect_local_bypass fails as expected)
detected local-bypass-counted-as-network-traffic (test_noc_interconnect_local_bypass fails as expected)
detected local-owner-node-check-removed (test_noc_interconnect_bad_config fails as expected)
detected local-owner-may-abandon-its-target (test_noc_interconnect_bad_config fails as expected)
detected admission-slot-released-before-ordering-wait (test_noc_interconnect_local_bypass fails as expected)
detected network-idle-consults-admission-slots (test_noc_interconnect_local_bypass fails as expected)
detected fast-target-delay-truncated (test_noc_interconnect_fast fails as expected)
detected fast-functional-replay-bypassed (test_noc_interconnect_fast fails as expected)
detected odd-burst-tail-dropped (test_noc_interconnect_stress fails as expected)
detected clock-gate-does-not-require-both-predicates (test_noc_interconnect_stress fails as expected)
detected mesh-output-fifo-occupancy-ignored (test_floo_mesh fails as expected)
detected router-packet-locks-ignored (test_floo_router fails as expected)
detected rr-arb-tree-wrap-ignored (test_rr_arb_tree fails as expected)
detected meta-buffer-overflow-accepted (test_meta_buffer fails as expected)
detected completion-observer-attribution-lost (test_noc_interconnect_observer fails as expected)
detected router-counter-stall-counted-as-accepted (test_noc_counters fails as expected)
detected router-counter-invalid-counted-as-stall (test_noc_counters fails as expected)
detected router-counter-last-ignored (test_noc_counters fails as expected)
detected router-counter-input-high-water-disabled (test_noc_counters fails as expected)
detected router-counter-output-occupancy-ignored (test_noc_counters fails as expected)
detected metrics-percentile-rank-off-by-one (test_noc_metrics fails as expected)
detected metrics-target-delay-included (test_noc_interconnect fails as expected)
detected metrics-payload-bytes-count-transactions (test_noc_metrics fails as expected)
detected production-router-counter-miswired (test_floo_mesh fails as expected)

negative controls: 57 detected, 0 missed
evidence kept under /tmp/floo_noc_negative_controls.bRfcJ2
negative controls PASS

Script done on 2026-08-24 10:12:01+07:00 [COMMAND_EXIT_CODE="0"]
